// Jest Snapshot v1, https://goo.gl/fbAQLP

exports[`<App /> matches the snapshot 1`] = `
<EventProvider>
  <Router>
    <Redirect
      from="/"
      noThrow={true}
      to="monthly/2019/10/16"
    />
    <_default
      path="/:view/:year/:month/:date/*"
      today="2019/10/16"
    />
  </Router>
  <Calendar
    handleUpdateToday={[Function]}
  />
</EventProvider>
`;
